
 Start  Stop   Length Name                   Class
 00000H 089C8H 089C9H P_CODE                 BC_CODE
 089D0H 08C7EH 002AFH XTRAPIXY_CODE          BC_CODE
 08C80H 08DAFH 00130H LOAD_QB_CODE           BC_CODE
 08DB0H 116C0H 08911H CODE                   CODE
 116C2H 1183FH 0017EH INIT_CODE              CODE
 11840H 122FAH 00ABBH _TEXT                  CODE
 12300H 1472FH 02430H EMULATOR_TEXT          CODE
 14730H 15C8AH 0155BH PIXY_TEXT              CODE
 15C8CH 15D1EH 00093H EMS_TEXT               CODE
 15D20H 162E4H 005C5H QBX_MSE_TEXT           CODE
 162E6H 162E6H 00000H C_ETEXT                ENDCODE
 162E6H 162EDH 00008H FAR_HDR                FAR_MSG
 162EEH 1693AH 0064DH FAR_MSG                FAR_MSG
 1693BH 1693CH 00002H FAR_PAD                FAR_MSG
 1693DH 1693DH 00001H FAR_EPAD               FAR_MSG
 16940H 16AAFH 00170H EMULATOR_DATA          FAR_DATA
 16AB0H 16AB0H 00000H BR_DATA                BLANK
 16AB0H 16ADFH 00030H BR_SKYS                BLANK
 16AE0H 16AE0H 00000H COMMON                 BLANK
 16AE0H 17C77H 01198H BC_DATA                BC_VARS
 17C78H 17C7DH 00006H NMALLOC                BC_VARS
 17C7EH 17C7EH 00000H ENMALLOC               BC_VARS
 17C7EH 17C7EH 00000H BC_FT                  BC_SEGS
 17C80H 1863FH 009C0H BC_CN                  BC_SEGS
 18640H 18662H 00023H BC_DS                  BC_SEGS
 18664H 18664H 00000H BC_SAB                 BC_SEGS
 18664H 1866FH 0000CH BC_SA                  BC_SEGS
 18670H 18673H 00004H BC_SAE                 BC_SEGS
 18674H 18B49H 004D6H _BSS                   DATA
 18B4AH 1D0EBH 045A2H _DATA                  DATA
 1D0ECH 1D175H 0008AH CONST                  DATA
 1D176H 1D176H 00000H XIB                    DATA
 1D176H 1D1C9H 00054H XI                     DATA
 1D1CAH 1D1CAH 00000H XIE                    DATA
 1D1CAH 1D2C6H 000FDH BR_DATA                DATA
 1D2C8H 1D2D3H 0000CH DBDATA                 DATA
 1D2D4H 1D2E1H 0000EH CDATA                  DATA
 1D2E2H 1D2E2H 00000H XIFB                   DATA
 1D2E2H 1D2E2H 00000H XIF                    DATA
 1D2E2H 1D2E2H 00000H XIFE                   DATA
 1D2E2H 1D2E2H 00000H XPB                    DATA
 1D2E2H 1D2E2H 00000H XP                     DATA
 1D2E2H 1D2E2H 00000H XPE                    DATA
 1D2E2H 1D2E2H 00000H XCB                    DATA
 1D2E2H 1D2E5H 00004H XC                     DATA
 1D2E6H 1D2E6H 00000H XCE                    DATA
 1D2E6H 1D2E6H 00000H XCFB                   DATA
 1D2E6H 1D2E6H 00000H XCF                    DATA
 1D2E6H 1D2E6H 00000H XCFE                   DATA
 1D2E6H 1D2E6H 00000H BC_DATA                BC_DATA
 1D2E6H 1D2E6H 00000H XOB                    BSS
 1D2E6H 1D365H 00080H XO                     BSS
 1D366H 1D366H 00000H XOE                    BSS
 1D370H 1DDBFH 00A50H STACK                  STACK

 Origin   Group
 16AB:0   DGROUP
 162E:0   FMGROUP

Program entry point at 1184:00C8
